- C(0):IDL
& C(1):IDL
& SRV:LST

- C(0):WAT
& C(1):IDL
& SRV:LST
| C(0) -> REQ(C=0) -> SRV

- C(0):CHK
& C(1):IDL
& SRV:LST
| C(0) -> CHK(C=0) -> MGR

- C(0):IDL
& C(1):WAT
& SRV:LST
| C(1) -> REQ(C=1) -> SRV

- C(0):IDL
& C(1):CHK
& SRV:LST
| C(1) -> CHK(C=1) -> MGR

- C(0):WAT
& C(1):CHK
& SRV:LST
| C(0) -> REQ(C=0) -> SRV
& C(1) -> CHK(C=1) -> MGR

- C(0):CHK
& C(1):CHK
& SRV:LST
| C(0) -> CHK(C=0) -> MGR
& C(1) -> CHK(C=1) -> MGR

- C(0):IDL
& C(1):CHK
& SRV:LST
| MGR -> * CNF -> C(1)

- C(0):CHK
& C(1):CHK
& SRV:LST
| C(1) -> CHK(C=1) -> MGR
& MGR -> * CNF -> C(0)

- C(0):CHK
& C(1):CHK
& SRV:LST
| C(0) -> CHK(C=0) -> MGR
& MGR -> * CNF -> C(1)

- C(0):WAT
& C(1):CHK
& SRV:WRK(C=0)
| C(1) -> CHK(C=1) -> MGR

- C(0):WAT
& C(1):CHK
& SRV:LST
| C(0) -> REQ(C=0) -> SRV
& MGR -> * CNF -> C(1)

- C(0):WAT
& C(1):CHK
& SRV:LST
| C(1) -> CHK(C=1) -> MGR
& SRV -> RSP -> C(0)

- C(0):WAT
& C(1):CHK
& SRV:WRK(C=0)
| MGR -> * CNF -> C(1)

- C(0):WAT
& C(1):IDL
& SRV:WRK(C=0)

- C(0):WAT
& C(1):WAT
& SRV:WRK(C=0)
| C(1) -> REQ(C=1) -> SRV

- C(0):WAT
& C(1):IDL
& SRV:LST
| SRV -> RSP -> C(0)

- C(0):WAT
& C(1):WAT
& SRV:LST
| C(1) -> REQ(C=1) -> SRV
& SRV -> RSP -> C(0)

- C(0):WAT
& C(1):WAT
& SRV:WRK(C=1)
| SRV -> RSP -> C(0)

- C(0):WAT
& C(1):WAT
& SRV:LST
| SRV -> RSP -> C(0)
& SRV -> RSP -> C(1)

- C(0):IDL
& C(1):WAT
& SRV:WRK(C=1)

- C(0):WAT
& C(1):WAT
& SRV:WRK(C=1)
| C(0) -> REQ(C=0) -> SRV

- C(0):CHK
& C(1):WAT
& SRV:WRK(C=1)
| C(0) -> CHK(C=0) -> MGR

- C(0):IDL
& C(1):WAT
& SRV:LST
| SRV -> RSP -> C(1)

- C(0):WAT
& C(1):WAT
& SRV:LST
| C(0) -> REQ(C=0) -> SRV
& SRV -> RSP -> C(1)

- C(0):CHK
& C(1):WAT
& SRV:LST
| C(0) -> CHK(C=0) -> MGR
& SRV -> RSP -> C(1)

- C(0):CHK
& C(1):WAT
& SRV:LST
| MGR -> * CNF -> C(0)
& SRV -> RSP -> C(1)

- C(0):WAT
& C(1):WAT
& SRV:WRK(C=0)
| SRV -> RSP -> C(1)

- C(0):CHK
& C(1):WAT
& SRV:WRK(C=1)
| MGR -> * CNF -> C(0)

- C(0):WAT
& C(1):CHK
& SRV:LST
| MGR -> * CNF -> C(1)
& SRV -> RSP -> C(0)

- C(0):WAT
& C(1):WAT
& SRV:LST
| C(0) -> REQ(C=0) -> SRV
& C(1) -> REQ(C=1) -> SRV

- C(0):CHK
& C(1):WAT
& SRV:LST
| C(0) -> CHK(C=0) -> MGR
& C(1) -> REQ(C=1) -> SRV

- C(0):CHK
& C(1):WAT
& SRV:LST
| C(1) -> REQ(C=1) -> SRV
& MGR -> * CNF -> C(0)

- C(0):CHK
& C(1):IDL
& SRV:LST
| MGR -> * CNF -> C(0)

