FROM C(0):IDL & C(1):IDL & MGR: & SRV:LST
- BY C(0) activity
  TO C(0):WAT & C(1):IDL & MGR: & SRV:LST | C(0) -> REQ(C=0) -> SRV
- BY C(0) activity
  TO C(0):CHK & C(1):IDL & MGR: & SRV:LST | C(0) -> CHK(C=0) -> MGR
- BY C(1) activity
  TO C(0):IDL & C(1):WAT & MGR: & SRV:LST | C(1) -> REQ(C=1) -> SRV
- BY C(1) activity
  TO C(0):IDL & C(1):CHK & MGR: & SRV:LST | C(1) -> CHK(C=1) -> MGR
FROM C(0):WAT & C(1):IDL & MGR: & SRV:LST | C(0) -> REQ(C=0) -> SRV
- BY C(1) activity
  TO C(0):WAT & C(1):WAT & MGR: & SRV:LST | C(0) -> REQ(C=0) -> SRV & C(1) -> REQ(C=1) -> SRV
- BY C(1) activity
  TO C(0):WAT & C(1):CHK & MGR: & SRV:LST | C(0) -> REQ(C=0) -> SRV & C(1) -> CHK(C=1) -> MGR
- BY message C(0) -> REQ(C=0) -> SRV
  TO C(0):WAT & C(1):IDL & MGR: & SRV:WRK(C=0)
FROM C(0):CHK & C(1):IDL & MGR: & SRV:LST | C(0) -> CHK(C=0) -> MGR
- BY C(1) activity
  TO C(0):CHK & C(1):WAT & MGR: & SRV:LST | C(0) -> CHK(C=0) -> MGR & C(1) -> REQ(C=1) -> SRV
- BY C(1) activity
  TO C(0):CHK & C(1):CHK & MGR: & SRV:LST | C(0) -> CHK(C=0) -> MGR & C(1) -> CHK(C=1) -> MGR
- BY message C(0) -> CHK(C=0) -> MGR
  TO C(0):CHK & C(1):IDL & MGR: & SRV:LST | MGR -> * CNF -> C(0)
FROM C(0):IDL & C(1):WAT & MGR: & SRV:LST | C(1) -> REQ(C=1) -> SRV
- BY C(0) activity
  TO C(0):WAT & C(1):WAT & MGR: & SRV:LST | C(0) -> REQ(C=0) -> SRV & C(1) -> REQ(C=1) -> SRV
- BY C(0) activity
  TO C(0):CHK & C(1):WAT & MGR: & SRV:LST | C(0) -> CHK(C=0) -> MGR & C(1) -> REQ(C=1) -> SRV
- BY message C(1) -> REQ(C=1) -> SRV
  TO C(0):IDL & C(1):WAT & MGR: & SRV:WRK(C=1)
FROM C(0):IDL & C(1):CHK & MGR: & SRV:LST | C(1) -> CHK(C=1) -> MGR
- BY C(0) activity
  TO C(0):WAT & C(1):CHK & MGR: & SRV:LST | C(0) -> REQ(C=0) -> SRV & C(1) -> CHK(C=1) -> MGR
- BY C(0) activity
  TO C(0):CHK & C(1):CHK & MGR: & SRV:LST | C(0) -> CHK(C=0) -> MGR & C(1) -> CHK(C=1) -> MGR
- BY message C(1) -> CHK(C=1) -> MGR
  TO C(0):IDL & C(1):CHK & MGR: & SRV:LST | MGR -> * CNF -> C(1)
FROM C(0):WAT & C(1):CHK & MGR: & SRV:LST | C(0) -> REQ(C=0) -> SRV & C(1) -> CHK(C=1) -> MGR
- BY message C(0) -> REQ(C=0) -> SRV
  TO C(0):WAT & C(1):CHK & MGR: & SRV:WRK(C=0) | C(1) -> CHK(C=1) -> MGR
- BY message C(1) -> CHK(C=1) -> MGR
  TO C(0):WAT & C(1):CHK & MGR: & SRV:LST | C(0) -> REQ(C=0) -> SRV & MGR -> * CNF -> C(1)
FROM C(0):CHK & C(1):CHK & MGR: & SRV:LST | C(0) -> CHK(C=0) -> MGR & C(1) -> CHK(C=1) -> MGR
- BY message C(0) -> CHK(C=0) -> MGR
  TO C(0):CHK & C(1):CHK & MGR: & SRV:LST | C(1) -> CHK(C=1) -> MGR & MGR -> * CNF -> C(0)
- BY message C(1) -> CHK(C=1) -> MGR
  TO C(0):CHK & C(1):CHK & MGR: & SRV:LST | C(0) -> CHK(C=0) -> MGR & MGR -> * CNF -> C(1)
FROM C(0):CHK & C(1):CHK & MGR: & SRV:LST | C(1) -> CHK(C=1) -> MGR & MGR -> * CNF -> C(0)
- BY message MGR -> * CNF -> C(0)
  TO C(0):IDL & C(1):CHK & MGR: & SRV:LST | C(1) -> CHK(C=1) -> MGR
FROM C(0):CHK & C(1):CHK & MGR: & SRV:LST | C(0) -> CHK(C=0) -> MGR & MGR -> * CNF -> C(1)
- BY message MGR -> * CNF -> C(1)
  TO C(0):CHK & C(1):IDL & MGR: & SRV:LST | C(0) -> CHK(C=0) -> MGR
FROM C(0):WAT & C(1):CHK & MGR: & SRV:WRK(C=0) | C(1) -> CHK(C=1) -> MGR
- BY SRV activity
  TO C(0):WAT & C(1):CHK & MGR: & SRV:LST | C(1) -> CHK(C=1) -> MGR & SRV -> RSP -> C(0)
- BY message C(1) -> CHK(C=1) -> MGR
  TO C(0):WAT & C(1):CHK & MGR: & SRV:WRK(C=0) | MGR -> * CNF -> C(1)
FROM C(0):WAT & C(1):CHK & MGR: & SRV:LST | C(0) -> REQ(C=0) -> SRV & MGR -> * CNF -> C(1)
- BY message MGR -> * CNF -> C(1)
  TO C(0):WAT & C(1):IDL & MGR: & SRV:LST | C(0) -> REQ(C=0) -> SRV
FROM C(0):WAT & C(1):CHK & MGR: & SRV:LST | C(1) -> CHK(C=1) -> MGR & SRV -> RSP -> C(0)
- BY message C(1) -> CHK(C=1) -> MGR
  TO C(0):WAT & C(1):CHK & MGR: & SRV:LST | MGR -> * CNF -> C(1) & SRV -> RSP -> C(0)
- BY message SRV -> RSP -> C(0)
  TO C(0):IDL & C(1):CHK & MGR: & SRV:LST | C(1) -> CHK(C=1) -> MGR
FROM C(0):WAT & C(1):CHK & MGR: & SRV:WRK(C=0) | MGR -> * CNF -> C(1)
- BY SRV activity
  TO C(0):WAT & C(1):CHK & MGR: & SRV:LST | MGR -> * CNF -> C(1) & SRV -> RSP -> C(0)
- BY message MGR -> * CNF -> C(1)
  TO C(0):WAT & C(1):IDL & MGR: & SRV:WRK(C=0)
FROM C(0):WAT & C(1):CHK & MGR: & SRV:LST | MGR -> * CNF -> C(1) & SRV -> RSP -> C(0)
- BY message MGR -> * CNF -> C(1)
  TO C(0):WAT & C(1):IDL & MGR: & SRV:LST | SRV -> RSP -> C(0)
FROM C(0):WAT & C(1):IDL & MGR: & SRV:WRK(C=0)
- BY C(1) activity
  TO C(0):WAT & C(1):WAT & MGR: & SRV:WRK(C=0) | C(1) -> REQ(C=1) -> SRV
- BY C(1) activity
  TO C(0):WAT & C(1):CHK & MGR: & SRV:WRK(C=0) | C(1) -> CHK(C=1) -> MGR
- BY SRV activity
  TO C(0):WAT & C(1):IDL & MGR: & SRV:LST | SRV -> RSP -> C(0)
FROM C(0):WAT & C(1):WAT & MGR: & SRV:WRK(C=0) | C(1) -> REQ(C=1) -> SRV
- BY SRV activity
  TO C(0):WAT & C(1):WAT & MGR: & SRV:LST | C(1) -> REQ(C=1) -> SRV & SRV -> RSP -> C(0)
FROM C(0):WAT & C(1):WAT & MGR: & SRV:LST | C(1) -> REQ(C=1) -> SRV & SRV -> RSP -> C(0)
- BY message C(1) -> REQ(C=1) -> SRV
  TO C(0):WAT & C(1):WAT & MGR: & SRV:WRK(C=1) | SRV -> RSP -> C(0)
- BY message SRV -> RSP -> C(0)
  TO C(0):IDL & C(1):WAT & MGR: & SRV:LST | C(1) -> REQ(C=1) -> SRV
FROM C(0):WAT & C(1):WAT & MGR: & SRV:WRK(C=1) | SRV -> RSP -> C(0)
- BY SRV activity
  TO C(0):WAT & C(1):WAT & MGR: & SRV:LST | SRV -> RSP -> C(0) & SRV -> RSP -> C(1)
- BY message SRV -> RSP -> C(0)
  TO C(0):IDL & C(1):WAT & MGR: & SRV:WRK(C=1)
FROM C(0):WAT & C(1):WAT & MGR: & SRV:LST | SRV -> RSP -> C(0) & SRV -> RSP -> C(1)
- BY message SRV -> RSP -> C(0)
  TO C(0):IDL & C(1):WAT & MGR: & SRV:LST | SRV -> RSP -> C(1)
- BY message SRV -> RSP -> C(1)
  TO C(0):WAT & C(1):IDL & MGR: & SRV:LST | SRV -> RSP -> C(0)
FROM C(0):IDL & C(1):WAT & MGR: & SRV:WRK(C=1)
- BY C(0) activity
  TO C(0):WAT & C(1):WAT & MGR: & SRV:WRK(C=1) | C(0) -> REQ(C=0) -> SRV
- BY C(0) activity
  TO C(0):CHK & C(1):WAT & MGR: & SRV:WRK(C=1) | C(0) -> CHK(C=0) -> MGR
- BY SRV activity
  TO C(0):IDL & C(1):WAT & MGR: & SRV:LST | SRV -> RSP -> C(1)
FROM C(0):WAT & C(1):WAT & MGR: & SRV:WRK(C=1) | C(0) -> REQ(C=0) -> SRV
- BY SRV activity
  TO C(0):WAT & C(1):WAT & MGR: & SRV:LST | C(0) -> REQ(C=0) -> SRV & SRV -> RSP -> C(1)
FROM C(0):CHK & C(1):WAT & MGR: & SRV:WRK(C=1) | C(0) -> CHK(C=0) -> MGR
- BY SRV activity
  TO C(0):CHK & C(1):WAT & MGR: & SRV:LST | C(0) -> CHK(C=0) -> MGR & SRV -> RSP -> C(1)
- BY message C(0) -> CHK(C=0) -> MGR
  TO C(0):CHK & C(1):WAT & MGR: & SRV:WRK(C=1) | MGR -> * CNF -> C(0)
FROM C(0):CHK & C(1):WAT & MGR: & SRV:LST | C(0) -> CHK(C=0) -> MGR & SRV -> RSP -> C(1)
- BY message C(0) -> CHK(C=0) -> MGR
  TO C(0):CHK & C(1):WAT & MGR: & SRV:LST | MGR -> * CNF -> C(0) & SRV -> RSP -> C(1)
- BY message SRV -> RSP -> C(1)
  TO C(0):CHK & C(1):IDL & MGR: & SRV:LST | C(0) -> CHK(C=0) -> MGR
FROM C(0):CHK & C(1):WAT & MGR: & SRV:WRK(C=1) | MGR -> * CNF -> C(0)
- BY SRV activity
  TO C(0):CHK & C(1):WAT & MGR: & SRV:LST | MGR -> * CNF -> C(0) & SRV -> RSP -> C(1)
- BY message MGR -> * CNF -> C(0)
  TO C(0):IDL & C(1):WAT & MGR: & SRV:WRK(C=1)
FROM C(0):CHK & C(1):WAT & MGR: & SRV:LST | MGR -> * CNF -> C(0) & SRV -> RSP -> C(1)
- BY message MGR -> * CNF -> C(0)
  TO C(0):IDL & C(1):WAT & MGR: & SRV:LST | SRV -> RSP -> C(1)
FROM C(0):IDL & C(1):WAT & MGR: & SRV:LST | SRV -> RSP -> C(1)
- BY C(0) activity
  TO C(0):WAT & C(1):WAT & MGR: & SRV:LST | C(0) -> REQ(C=0) -> SRV & SRV -> RSP -> C(1)
- BY C(0) activity
  TO C(0):CHK & C(1):WAT & MGR: & SRV:LST | C(0) -> CHK(C=0) -> MGR & SRV -> RSP -> C(1)
- BY message SRV -> RSP -> C(1)
  TO C(0):IDL & C(1):IDL & MGR: & SRV:LST
FROM C(0):WAT & C(1):WAT & MGR: & SRV:LST | C(0) -> REQ(C=0) -> SRV & SRV -> RSP -> C(1)
- BY message C(0) -> REQ(C=0) -> SRV
  TO C(0):WAT & C(1):WAT & MGR: & SRV:WRK(C=0) | SRV -> RSP -> C(1)
- BY message SRV -> RSP -> C(1)
  TO C(0):WAT & C(1):IDL & MGR: & SRV:LST | C(0) -> REQ(C=0) -> SRV
FROM C(0):WAT & C(1):WAT & MGR: & SRV:WRK(C=0) | SRV -> RSP -> C(1)
- BY SRV activity
  TO C(0):WAT & C(1):WAT & MGR: & SRV:LST | SRV -> RSP -> C(0) & SRV -> RSP -> C(1)
- BY message SRV -> RSP -> C(1)
  TO C(0):WAT & C(1):IDL & MGR: & SRV:WRK(C=0)
FROM C(0):WAT & C(1):IDL & MGR: & SRV:LST | SRV -> RSP -> C(0)
- BY C(1) activity
  TO C(0):WAT & C(1):WAT & MGR: & SRV:LST | C(1) -> REQ(C=1) -> SRV & SRV -> RSP -> C(0)
- BY C(1) activity
  TO C(0):WAT & C(1):CHK & MGR: & SRV:LST | C(1) -> CHK(C=1) -> MGR & SRV -> RSP -> C(0)
- BY message SRV -> RSP -> C(0)
  TO C(0):IDL & C(1):IDL & MGR: & SRV:LST
FROM C(0):IDL & C(1):CHK & MGR: & SRV:LST | MGR -> * CNF -> C(1)
- BY C(0) activity
  TO C(0):WAT & C(1):CHK & MGR: & SRV:LST | C(0) -> REQ(C=0) -> SRV & MGR -> * CNF -> C(1)
- BY C(0) activity
  TO C(0):CHK & C(1):CHK & MGR: & SRV:LST | C(0) -> CHK(C=0) -> MGR & MGR -> * CNF -> C(1)
- BY message MGR -> * CNF -> C(1)
  TO C(0):IDL & C(1):IDL & MGR: & SRV:LST
FROM C(0):WAT & C(1):WAT & MGR: & SRV:LST | C(0) -> REQ(C=0) -> SRV & C(1) -> REQ(C=1) -> SRV
- BY message C(0) -> REQ(C=0) -> SRV
  TO C(0):WAT & C(1):WAT & MGR: & SRV:WRK(C=0) | C(1) -> REQ(C=1) -> SRV
- BY message C(1) -> REQ(C=1) -> SRV
  TO C(0):WAT & C(1):WAT & MGR: & SRV:WRK(C=1) | C(0) -> REQ(C=0) -> SRV
FROM C(0):CHK & C(1):WAT & MGR: & SRV:LST | C(0) -> CHK(C=0) -> MGR & C(1) -> REQ(C=1) -> SRV
- BY message C(0) -> CHK(C=0) -> MGR
  TO C(0):CHK & C(1):WAT & MGR: & SRV:LST | C(1) -> REQ(C=1) -> SRV & MGR -> * CNF -> C(0)
- BY message C(1) -> REQ(C=1) -> SRV
  TO C(0):CHK & C(1):WAT & MGR: & SRV:WRK(C=1) | C(0) -> CHK(C=0) -> MGR
FROM C(0):CHK & C(1):WAT & MGR: & SRV:LST | C(1) -> REQ(C=1) -> SRV & MGR -> * CNF -> C(0)
- BY message MGR -> * CNF -> C(0)
  TO C(0):IDL & C(1):WAT & MGR: & SRV:LST | C(1) -> REQ(C=1) -> SRV
FROM C(0):CHK & C(1):IDL & MGR: & SRV:LST | MGR -> * CNF -> C(0)
- BY C(1) activity
  TO C(0):CHK & C(1):WAT & MGR: & SRV:LST | C(1) -> REQ(C=1) -> SRV & MGR -> * CNF -> C(0)
- BY C(1) activity
  TO C(0):CHK & C(1):CHK & MGR: & SRV:LST | C(1) -> CHK(C=1) -> MGR & MGR -> * CNF -> C(0)
- BY message MGR -> * CNF -> C(0)
  TO C(0):IDL & C(1):IDL & MGR: & SRV:LST
