
- C(0):IDL
& C(1):IDL
& SRV:LST
# B47A7D886FC33146

- C(0):WAT
& C(1):IDL
& SRV:LST
| C(0) -> REQ(C=0) -> SRV
# 6BAF2A724F3B0650

- C(0):IDL
& C(1):WAT
& SRV:LST
| C(1) -> REQ(C=1) -> SRV
# 4554EBB72D0F5380

- C(0):WAT
& C(1):WAT
& SRV:LST
| C(0) -> REQ(C=0) -> SRV
& C(1) -> REQ(C=1) -> SRV
# 9A81BC4D0DF76496

- C(0):IDL
& C(1):WAT
& SRV:WRK(C=1)
# 08DC13AAE591237E

- C(0):WAT
& C(1):WAT
& SRV:WRK(C=1)
| C(0) -> REQ(C=0) -> SRV
# D7094450C5691468

- C(0):IDL
& C(1):WAT
& SRV:LST
| SRV -> RSP -> C(1)
# A130A0772BAEE3B5

- C(0):WAT
& C(1):WAT
& SRV:LST
| C(0) -> REQ(C=0) -> SRV
& SRV -> RSP -> C(1)
# 7EE5F78D0B56D4A3

- C(0):WAT
& C(1):WAT
& SRV:WRK(C=0)
| SRV -> RSP -> C(1)
# 18DD5FD40EC1937E

- C(0):WAT
& C(1):WAT
& SRV:LST
| SRV -> RSP -> C(1)
& SRV -> RSP -> C(0)
# B9298EF6FF29CBCC

- C(0):WAT
& C(1):IDL
& SRV:WRK(C=0)
# 0D97822B4AAC418D

- C(0):WAT
& C(1):WAT
& SRV:WRK(C=0)
| C(1) -> REQ(C=1) -> SRV
# FCB914140860234B

- C(0):WAT
& C(1):IDL
& SRV:LST
| SRV -> RSP -> C(0)
# AC635309BB44193F

- C(0):WAT
& C(1):WAT
& SRV:LST
| C(1) -> REQ(C=1) -> SRV
& SRV -> RSP -> C(0)
# 5D4DC536F9887BF9

- C(0):WAT
& C(1):WAT
& SRV:WRK(C=1)
| SRV -> RSP -> C(0)
# 10C53D2B31160B07
