FROM INIT #B3AC72F3FA48764C
- C:IDL
& S:LST

BY: Activity -> Need -> C
TO !INIT #FB8C6C499CF6F05D
- C:WAT
& S:LST
| C -> REQ -> S
& C -> * PNG -> S

