
- C:IDL
& S:LST
# B3AC72F3FA48764C

- C:WAT
& S:LST
| C -> REQ -> S
& C -> * PNG -> S
# FB8C6C499CF6F05D

- C:IDL
& S:LST
| C -> PNG -> S
# BCCA6CD776A6B7EC

- C:WAT
& S:LST
| C -> REQ -> S
# 14B91300A41CF74F

- C:WAT
& S:LST
| C -> REQ -> S
& C -> * PNG => PNG -> S
# EE0E7B891EDDE982

- C:IDL
& S:LST
| C -> PNG => PNG -> S
# 276E7D304DDA5AE5

- C:WAT
& S:WRK
# 0C310AE36BAA93C1

- C:WAT
& S:LST
| S -> RSP -> C
# 6A8E42A052929128
