FROM INIT #6729374806707762489:
- C:IDL
& S:LST

BY: Activity -> Need -> C
TO 2MSG #14516192639760066993:
- C:WAT
& S:LST
| C -> REQ -> S
& C -> * PNG -> S

BY: C -> * PNG -> S
TO #14039185534865760700:
- C:WAT
& S:LST
| C -> REQ -> S

BY: C -> REQ -> S
TO #14844083797287224454:
- C:WAT
& S:WRK

BY: Activity -> Completed -> S
TO #14013766586884773136:
- C:WAT
& S:LST
| S -> RSP -> C

BY: S -> RSP -> C
TO INIT #6729374806707762489:
- C:IDL
& S:LST

BY: Activity -> Worry -> C
TO #5892293163608224352:
- C:IDL
& S:LST
| C -> PNG -> S

BY: Activity -> Worry -> C
TO UNORDERED_REPLACEMENT #5317679921861474019:
- C:IDL
& S:LST
| C -> PNG => PNG -> S

BY: Activity -> Need -> C
TO IMMEDIATE_REPLACEMENT #8637427376295122199:
- C:WAT
& S:LST
| C -> REQ -> S
& C -> * PNG => PNG -> S

BY: C -> * PNG => PNG -> S
TO #14039185534865760700:
- C:WAT
& S:LST
| C -> REQ -> S

BY: C -> REQ -> S
TO #14844083797287224454:
- C:WAT
& S:WRK

BY: Activity -> Completed -> S
TO #14013766586884773136:
- C:WAT
& S:LST
| S -> RSP -> C

BY: S -> RSP -> C
TO INIT #6729374806707762489:
- C:IDL
& S:LST

