FROM 0 #7454583730637271889:
- C:IDL
& S:LST

BY: Activity -> Need -> C
TO 1 #12281195871958009263:
- C:WAT
& S:LST
| C -> REQ -> S
& C -> * PNG -> S

BY: Activity -> Worry -> C
TO 2 #9621968532811327224:
- C:IDL
& S:LST
| C -> PNG -> S

FROM 1 #12281195871958009263:
- C:WAT
& S:LST
| C -> REQ -> S
& C -> * PNG -> S

BY: C -> * PNG -> S
TO 5 #13421610480414296427:
- C:WAT
& S:LST
| C -> REQ -> S

FROM 2 #9621968532811327224:
- C:IDL
& S:LST
| C -> PNG -> S

BY: Activity -> Need -> C
TO 3 #10735603626015256542:
- C:WAT
& S:LST
| C -> REQ -> S
& C -> * PNG => PNG -> S

BY: Activity -> Worry -> C
TO 4 #4610522559583700293:
- C:IDL
& S:LST
| C -> PNG => PNG -> S

BY: C -> PNG -> S
TO 0 #7454583730637271889:
- C:IDL
& S:LST

FROM 3 #10735603626015256542:
- C:WAT
& S:LST
| C -> REQ -> S
& C -> * PNG => PNG -> S

BY: C -> * PNG => PNG -> S
TO 5 #13421610480414296427:
- C:WAT
& S:LST
| C -> REQ -> S

FROM 4 #4610522559583700293:
- C:IDL
& S:LST
| C -> PNG => PNG -> S

BY: Activity -> Need -> C
TO 3 #10735603626015256542:
- C:WAT
& S:LST
| C -> REQ -> S
& C -> * PNG => PNG -> S

BY: C -> PNG => PNG -> S
TO 0 #7454583730637271889:
- C:IDL
& S:LST

FROM 5 #13421610480414296427:
- C:WAT
& S:LST
| C -> REQ -> S

BY: C -> REQ -> S
TO 6 #15229794852502710816:
- C:WAT
& S:WRK

FROM 6 #15229794852502710816:
- C:WAT
& S:WRK

BY: Activity -> Completed -> S
TO 7 #16220974527063965211:
- C:WAT
& S:LST
| S -> RSP -> C

FROM 7 #16220974527063965211:
- C:WAT
& S:LST
| S -> RSP -> C

BY: S -> RSP -> C
TO 0 #7454583730637271889:
- C:IDL
& S:LST

